Inflector
aead
aes
aes-gcm
alloc-no-stdlib
anes
ark-ff-asm
ark-serialize
arrow-array
arrow-cast
arrow-data
arrow-ipc
arrow-schema
arrow-select
async-global-executor
aws-config
aws-credential-types
aws-runtime
aws-sdk-s3
aws-sigv4
aws-smithy-async
aws-smithy-checksums
aws-smithy-eventstream
aws-smithy-http
aws-smithy-json
aws-smithy-query
aws-smithy-runtime
aws-smithy-runtime-api
aws-smithy-xml
aws-types
backtrace
bincode
blake2
blake3
block-buffer
block-padding
brotli-decompressor
cargo-platform
cfg-expr
chacha20
chacha20poly1305
chrono-tz
chrono-tz-build
cipher
clang-sys
comfy-table
const-oid
const_format
const_format_proc_macros
constant_time_eq
core-foundation
core-foundation-sys
cpufeatures
crypto-mac
ctr
curl-sys
curve25519-dalek-derive
cxx
cxxbridge-flags
cxxbridge-macro
data-encoding
der
derive_more
derive_more-impl
difference
digest
ed25519
elliptic-curve
errno
errno-dragonfly
error-chain
failure
failure_derive
fake-simd
fiat-crypto
fixed-hash
flatbuffers
generic-array
ghash
git2
heapless
hermit-abi
hex-literal
hkdf
hmac
icu_collections
icu_locid
icu_locid_transform_data
icu_normalizer
icu_normalizer_data
icu_properties
icu_provider_macros
include_dir
inotify-sys
jni-sys
json5
jsonpath-rust
k256
lalrpop
libc
libgit2-sys
libloading
libm
librocksdb-sys
libsqlite3-sys
libssh2-sys
libz-sys
litemap
lzma-sys
mach
matches
md-5
metrics-util
moka
nanorand
native-tls
net2
notify
num_threads
opaque-debug
openssl-sys
opentelemetry_api
p256
parse-zoneinfo
password-hash
pbkdf2
pem-rfc7468
pest
pest_derive
pest_generator
pest_meta
pkcs1
pkcs8
plotters
plotters-backend
plotters-svg
poly1305
ppv-lite86
primeorder
primitive-types
procfs
prost-build
prost-derive
prost-types
psm
pyo3
pyo3-build-config
pyo3-ffi
pyo3-macros
pyo3-macros-backend
rdrand
redis
resolv-conf
rfc6979
ring
rmp-serde
rocksdb
rusqlite
rust_decimal
sec1
security-framework-sys
sha-1
sha2
sha3
signature
smallvec
spki
sqlx
sqlx-macros
sqlx-macros-core
sqlx-mysql
sqlx-postgres
sqlx-sqlite
standback
sysinfo
system-configuration-sys
tikv-jemalloc-sys
tikv-jemallocator
tinystr
tonic-build
tonic-health
tower-http
trust-dns-proto
trust-dns-resolver
uint
unicode-linebreak
universal-hash
wasi
whoami
windows
windows-core
windows-implement
windows-interface
windows-registry
windows-result
windows-strings
windows_aarch64_gnullvm
windows_i686_gnu
windows_i686_gnullvm
windows_i686_msvc
windows_x86_64_gnu
windows_x86_64_gnullvm
windows_x86_64_msvc
winreg
writeable
yoke
zerofrom
zerovec
zerovec-derive
zip
zstd
zstd-sys
